// Jest Snapshot v1, https://goo.gl/fbAQLP

exports[`MainContact Component Should display the component correctly. 1`] = `"<main class=\\"main\\"><section><h1>Contato</h1><h2>Esta aplicação foi criada como um desafio do processo seletivo da OLX. Você pode encontrar o repositório e o meu contato no LinkedIn abaixo.</h2><ul><li>Repositório: <a href=\\"https://github.com/romulorvs/eng-zap-challenge-javascript\\" target=\\"_blank\\" rel=\\"noreferrer\\">github.com/romulorvs/eng-zap-challenge-javascript</a></li><li>Linkedin: <a href=\\"https://www.linkedin.com/in/dev-romulo-vieira/\\" target=\\"_blank\\" rel=\\"noreferrer\\">linkedin.com/in/dev-romulo-vieira/</a></li></ul></section></main>"`;
